#
# There is insufficient memory for the Java Runtime Environment to continue.
# Native memory allocation (malloc) failed to allocate 1899056 bytes. Error detail: Chunk::new
# Possible reasons:
#   The system is out of physical RAM or swap space
#   This process is running with CompressedOops enabled, and the Java Heap may be blocking the growth of the native heap
# Possible solutions:
#   Reduce memory load on the system
#   Increase physical memory or swap space
#   Check if swap backing store is full
#   Decrease Java heap size (-Xmx/-Xms)
#   Decrease number of Java threads
#   Decrease Java thread stack sizes (-Xss)
#   Set larger code cache with -XX:ReservedCodeCacheSize=
#   JVM is running with Unscaled Compressed Oops mode in which the Java heap is
#     placed in the first 4GB address space. The Java Heap base address is the
#     maximum limit for the native heap growth. Please use -XX:HeapBaseMinAddress
#     to set the Java Heap base and to place the Java Heap above 4GB virtual address.
# This output file may be truncated or incomplete.
#
#  Out of Memory Error (arena.cpp:168), pid=28456, tid=31712
#
# JRE version: OpenJDK Runtime Environment Temurin-21.0.10+7 (21.0.10+7) (build 21.0.10+7-LTS)
# Java VM: OpenJDK 64-Bit Server VM Temurin-21.0.10+7 (21.0.10+7-LTS, mixed mode, sharing, tiered, compressed oops, compressed class ptrs, parallel gc, windows-amd64)
# No core dump will be written. Minidumps are not enabled by default on client versions of Windows
#

---------------  S U M M A R Y ------------

Command Line: --add-modules=ALL-SYSTEM --add-opens=java.base/java.util=ALL-UNNAMED --add-opens=java.base/java.lang=ALL-UNNAMED --add-opens=java.base/sun.nio.fs=ALL-UNNAMED -Declipse.application=org.eclipse.jdt.ls.core.id1 -Dosgi.bundles.defaultStartLevel=4 -Declipse.product=org.eclipse.jdt.ls.core.product -Djava.import.generatesMetadataFilesAtProjectRoot=false -DDetectVMInstallationsJob.disabled=true -Dfile.encoding=utf8 -XX:+UseParallelGC -XX:GCTimeRatio=4 -XX:AdaptiveSizePolicyWeight=90 -Dsun.zip.disableMemoryMapping=true -Xmx2G -Xms100m -Xlog:disable -javaagent:c:\Users\maria\.vscode\extensions\redhat.java-1.54.0-win32-x64\lombok\lombok-1.18.39-4050.jar -XX:+HeapDumpOnOutOfMemoryError -XX:HeapDumpPath=c:\Users\maria\AppData\Roaming\Code\User\workspaceStorage\6f1983676edad1f368854fec5c4fa6db\redhat.java -Daether.dependencyCollector.impl=bf c:\Users\maria\.vscode\extensions\redhat.java-1.54.0-win32-x64\server\plugins\org.eclipse.equinox.launcher_1.7.100.v20251111-0406.jar -configuration c:\Users\maria\AppData\Roaming\Code\User\globalStorage\redhat.java\1.54.0\config_win -data c:\Users\maria\AppData\Roaming\Code\User\workspaceStorage\6f1983676edad1f368854fec5c4fa6db\redhat.java\jdt_ws --pipe=\\.\pipe\lsp-2074b1a7a27dedf354ef0c201d8e8bfd-sock

Host: 11th Gen Intel(R) Core(TM) i5-11400H @ 2.70GHz, 12 cores, 7G,  Windows 11 , 64 bit Build 26100 (10.0.26100.8521)
Time: Wed Jun 17 23:20:28 2026 Hora est. Sudamérica Pacífico elapsed time: 10.991843 seconds (0d 0h 0m 10s)

---------------  T H R E A D  ---------------

Current thread (0x0000023c6a6422e0):  JavaThread "C2 CompilerThread2" daemon [_thread_in_native, id=31712, stack(0x000000ac50900000,0x000000ac50a00000) (1024K)]


Current CompileTask:
C2:10992 7709 %     4       java.util.Properties::load0 @ 141 (249 bytes)

Stack: [0x000000ac50900000,0x000000ac50a00000]
Native frames: (J=compiled Java code, j=interpreted, Vv=VM code, C=native code)
V  [jvm.dll+0x6d7a39]
V  [jvm.dll+0x8b4b26]
V  [jvm.dll+0x8b70de]
V  [jvm.dll+0x8b77c3]
V  [jvm.dll+0x284346]
V  [jvm.dll+0xc66ed]
V  [jvm.dll+0xc6c31]
V  [jvm.dll+0x3bec01]
V  [jvm.dll+0x38b162]
V  [jvm.dll+0x38a5aa]
V  [jvm.dll+0x24c560]
V  [jvm.dll+0x24bb40]
V  [jvm.dll+0x1cb34e]
V  [jvm.dll+0x25b85d]
V  [jvm.dll+0x259dea]
V  [jvm.dll+0x3f857e]
V  [jvm.dll+0x85f59d]
V  [jvm.dll+0x6d626d]
C  [ucrtbase.dll+0x2cd30]
C  [KERNEL32.DLL+0x2e957]
C  [ntdll.dll+0x87c1c]


---------------  P R O C E S S  ---------------

Threads class SMR info:
_java_thread_list=0x0000023c6fc0f970, length=75, elements={
0x0000023c0a51f0d0, 0x0000023c20fcdd30, 0x0000023c0a5bfca0, 0x0000023c0a5c3c30,
0x0000023c0a5c4b10, 0x0000023c0a5c8ae0, 0x0000023c0a5ceed0, 0x0000023c6336b110,
0x0000023c0a5dbfb0, 0x0000023c6352f030, 0x0000023c6369dbe0, 0x0000023c649de110,
0x0000023c6477d740, 0x0000023c649ede70, 0x0000023c649ee4e0, 0x0000023c647786f0,
0x0000023c6926d760, 0x0000023c690100b0, 0x0000023c64ac5700, 0x0000023c64ac8b80,
0x0000023c64ac6ab0, 0x0000023c69b9bd80, 0x0000023c64ac84f0, 0x0000023c64ac7140,
0x0000023c64ac6420, 0x0000023c64ac5d90, 0x0000023c64ac7e60, 0x0000023c69e3dbc0,
0x0000023c69e3cea0, 0x0000023c69e3d530, 0x0000023c69e3c810, 0x0000023c69e3e250,
0x0000023c69e3f600, 0x0000023c69e3e8e0, 0x0000023c69e3ef70, 0x0000023c69e3c180,
0x0000023c69e409b0, 0x0000023c69e41040, 0x0000023c69e43110, 0x0000023c69e423f0,
0x0000023c69e40320, 0x0000023c69e3fc90, 0x0000023c69e416d0, 0x0000023c69e41d60,
0x0000023c69e42a80, 0x0000023c69e437a0, 0x0000023c6b643370, 0x0000023c6b646160,
0x0000023c6b644720, 0x0000023c6b643a00, 0x0000023c6b644db0, 0x0000023c6b647510,
0x0000023c6b645440, 0x0000023c6b646e80, 0x0000023c6a6422e0, 0x0000023c6b645ad0,
0x0000023c6b6467f0, 0x0000023c6b644090, 0x0000023c6b649c70, 0x0000023c6b64a300,
0x0000023c6b648230, 0x0000023c6b64a990, 0x0000023c6b647ba0, 0x0000023c6b6488c0,
0x0000023c6b648f50, 0x0000023c6b6495e0, 0x0000023c6f466cc0, 0x0000023c6f466630,
0x0000023c6f468d90, 0x0000023c6f468700, 0x0000023c6f467350, 0x0000023c6f465fa0,
0x0000023c6f4679e0, 0x0000023c6f465910, 0x0000023c6f469420
}

Java Threads: ( => current thread )
  0x0000023c0a51f0d0 JavaThread "main"                              [_thread_blocked, id=27608, stack(0x000000ac4c400000,0x000000ac4c500000) (1024K)]
  0x0000023c20fcdd30 JavaThread "Reference Handler"          daemon [_thread_blocked, id=15416, stack(0x000000ac4c800000,0x000000ac4c900000) (1024K)]
  0x0000023c0a5bfca0 JavaThread "Finalizer"                  daemon [_thread_blocked, id=5584, stack(0x000000ac4c900000,0x000000ac4ca00000) (1024K)]
  0x0000023c0a5c3c30 JavaThread "Signal Dispatcher"          daemon [_thread_blocked, id=26616, stack(0x000000ac4ca00000,0x000000ac4cb00000) (1024K)]
  0x0000023c0a5c4b10 JavaThread "Attach Listener"            daemon [_thread_blocked, id=12820, stack(0x000000ac4cb00000,0x000000ac4cc00000) (1024K)]
  0x0000023c0a5c8ae0 JavaThread "Service Thread"             daemon [_thread_blocked, id=21024, stack(0x000000ac4cc00000,0x000000ac4cd00000) (1024K)]
  0x0000023c0a5ceed0 JavaThread "Monitor Deflation Thread"   daemon [_thread_blocked, id=22620, stack(0x000000ac4cd00000,0x000000ac4ce00000) (1024K)]
  0x0000023c6336b110 JavaThread "C2 CompilerThread0"         daemon [_thread_in_vm, id=11960, stack(0x000000ac4ce00000,0x000000ac4cf00000) (1024K)]
  0x0000023c0a5dbfb0 JavaThread "C1 CompilerThread0"         daemon [_thread_blocked, id=11796, stack(0x000000ac4cf00000,0x000000ac4d000000) (1024K)]
  0x0000023c6352f030 JavaThread "Common-Cleaner"             daemon [_thread_blocked, id=25144, stack(0x000000ac4d000000,0x000000ac4d100000) (1024K)]
  0x0000023c6369dbe0 JavaThread "Notification Thread"        daemon [_thread_blocked, id=15932, stack(0x000000ac4d100000,0x000000ac4d200000) (1024K)]
  0x0000023c649de110 JavaThread "Active Thread: Equinox Container: 17a356f0-95f8-4e24-af67-47a66db24e89"        [_thread_blocked, id=2572, stack(0x000000ac4d800000,0x000000ac4d900000) (1024K)]
  0x0000023c6477d740 JavaThread "Refresh Thread: Equinox Container: 17a356f0-95f8-4e24-af67-47a66db24e89" daemon [_thread_blocked, id=29592, stack(0x000000ac4da00000,0x000000ac4db00000) (1024K)]
  0x0000023c649ede70 JavaThread "Framework Event Dispatcher: Equinox Container: 17a356f0-95f8-4e24-af67-47a66db24e89" daemon [_thread_blocked, id=19972, stack(0x000000ac4db00000,0x000000ac4dc00000) (1024K)]
  0x0000023c649ee4e0 JavaThread "Start Level: Equinox Container: 17a356f0-95f8-4e24-af67-47a66db24e89" daemon [_thread_blocked, id=12440, stack(0x000000ac4dc00000,0x000000ac4dd00000) (1024K)]
  0x0000023c647786f0 JavaThread "Bundle File Closer"         daemon [_thread_blocked, id=21752, stack(0x000000ac4e000000,0x000000ac4e100000) (1024K)]
  0x0000023c6926d760 JavaThread "SCR Component Actor"        daemon [_thread_blocked, id=7132, stack(0x000000ac4dd00000,0x000000ac4de00000) (1024K)]
  0x0000023c690100b0 JavaThread "Worker-JM"                         [_thread_blocked, id=30864, stack(0x000000ac4e100000,0x000000ac4e200000) (1024K)]
  0x0000023c64ac5700 JavaThread "JNA Cleaner"                daemon [_thread_blocked, id=30604, stack(0x000000ac4e200000,0x000000ac4e300000) (1024K)]
  0x0000023c64ac8b80 JavaThread "Worker-0"                          [_thread_blocked, id=33628, stack(0x000000ac4e300000,0x000000ac4e400000) (1024K)]
  0x0000023c64ac6ab0 JavaThread "Worker-1: Updating workspace"        [_thread_in_native, id=30968, stack(0x000000ac4e400000,0x000000ac4e500000) (1024K)]
  0x0000023c69b9bd80 JavaThread "C2 CompilerThread1"         daemon [_thread_in_native, id=27144, stack(0x000000ac4e500000,0x000000ac4e600000) (1024K)]
  0x0000023c64ac84f0 JavaThread "Worker-2: Building"                [_thread_in_native, id=31428, stack(0x000000ac4e600000,0x000000ac4e700000) (1024K)]
  0x0000023c64ac7140 JavaThread "Java indexing"              daemon [_thread_blocked, id=33432, stack(0x000000ac4e700000,0x000000ac4e800000) (1024K)]
  0x0000023c64ac6420 JavaThread "Worker-3"                          [_thread_blocked, id=29924, stack(0x000000ac4e800000,0x000000ac4e900000) (1024K)]
  0x0000023c64ac5d90 JavaThread "Thread-1"                   daemon [_thread_in_native, id=6708, stack(0x000000ac4eb00000,0x000000ac4ec00000) (1024K)]
  0x0000023c64ac7e60 JavaThread "Thread-2"                   daemon [_thread_in_native, id=25296, stack(0x000000ac4ec00000,0x000000ac4ed00000) (1024K)]
  0x0000023c69e3dbc0 JavaThread "Thread-3"                   daemon [_thread_in_native, id=20648, stack(0x000000ac4ed00000,0x000000ac4ee00000) (1024K)]
  0x0000023c69e3cea0 JavaThread "Thread-4"                   daemon [_thread_in_native, id=18768, stack(0x000000ac4ee00000,0x000000ac4ef00000) (1024K)]
  0x0000023c69e3d530 JavaThread "Thread-5"                   daemon [_thread_in_native, id=13956, stack(0x000000ac4ef00000,0x000000ac4f000000) (1024K)]
  0x0000023c69e3c810 JavaThread "Thread-6"                   daemon [_thread_in_native, id=33284, stack(0x000000ac4f000000,0x000000ac4f100000) (1024K)]
  0x0000023c69e3e250 JavaThread "Thread-7"                   daemon [_thread_in_native, id=19956, stack(0x000000ac4f100000,0x000000ac4f200000) (1024K)]
  0x0000023c69e3f600 JavaThread "Thread-8"                   daemon [_thread_in_native, id=22280, stack(0x000000ac4f200000,0x000000ac4f300000) (1024K)]
  0x0000023c69e3e8e0 JavaThread "Thread-9"                   daemon [_thread_in_native, id=32484, stack(0x000000ac4f300000,0x000000ac4f400000) (1024K)]
  0x0000023c69e3ef70 JavaThread "Thread-10"                  daemon [_thread_in_native, id=30812, stack(0x000000ac4f400000,0x000000ac4f500000) (1024K)]
  0x0000023c69e3c180 JavaThread "Thread-11"                  daemon [_thread_in_native, id=28252, stack(0x000000ac4f500000,0x000000ac4f600000) (1024K)]
  0x0000023c69e409b0 JavaThread "Thread-12"                  daemon [_thread_in_native, id=32588, stack(0x000000ac4f600000,0x000000ac4f700000) (1024K)]
  0x0000023c69e41040 JavaThread "Thread-13"                  daemon [_thread_in_native, id=7040, stack(0x000000ac4f700000,0x000000ac4f800000) (1024K)]
  0x0000023c69e43110 JavaThread "pool-2-thread-1"                   [_thread_blocked, id=16588, stack(0x000000ac4f800000,0x000000ac4f900000) (1024K)]
  0x0000023c69e423f0 JavaThread "Worker-4"                          [_thread_blocked, id=23720, stack(0x000000ac4f900000,0x000000ac4fa00000) (1024K)]
  0x0000023c69e40320 JavaThread "WorkspaceEventsHandler"            [_thread_blocked, id=9396, stack(0x000000ac4fb00000,0x000000ac4fc00000) (1024K)]
  0x0000023c69e3fc90 JavaThread "pool-1-thread-1"                   [_thread_blocked, id=16732, stack(0x000000ac4fc00000,0x000000ac4fd00000) (1024K)]
  0x0000023c69e416d0 JavaThread "ForkJoinPool.commonPool-worker-1" daemon [_thread_blocked, id=14652, stack(0x000000ac4fd00000,0x000000ac4fe00000) (1024K)]
  0x0000023c69e41d60 JavaThread "ForkJoinPool.commonPool-worker-3" daemon [_thread_blocked, id=27348, stack(0x000000ac4fe00000,0x000000ac4ff00000) (1024K)]
  0x0000023c69e42a80 JavaThread "ForkJoinPool.commonPool-worker-2" daemon [_thread_blocked, id=27312, stack(0x000000ac4ff00000,0x000000ac50000000) (1024K)]
  0x0000023c69e437a0 JavaThread "ForkJoinPool.commonPool-worker-4" daemon [_thread_blocked, id=13796, stack(0x000000ac50000000,0x000000ac50100000) (1024K)]
  0x0000023c6b643370 JavaThread "ForkJoinPool.commonPool-worker-5" daemon [_thread_blocked, id=7700, stack(0x000000ac50100000,0x000000ac50200000) (1024K)]
  0x0000023c6b646160 JavaThread "ForkJoinPool.commonPool-worker-6" daemon [_thread_blocked, id=30068, stack(0x000000ac50200000,0x000000ac50300000) (1024K)]
  0x0000023c6b644720 JavaThread "ForkJoinPool.commonPool-worker-7" daemon [_thread_blocked, id=12300, stack(0x000000ac50300000,0x000000ac50400000) (1024K)]
  0x0000023c6b643a00 JavaThread "ForkJoinPool.commonPool-worker-8" daemon [_thread_blocked, id=6224, stack(0x000000ac50400000,0x000000ac50500000) (1024K)]
  0x0000023c6b644db0 JavaThread "ForkJoinPool.commonPool-worker-9" daemon [_thread_blocked, id=1584, stack(0x000000ac50500000,0x000000ac50600000) (1024K)]
  0x0000023c6b647510 JavaThread "ForkJoinPool.commonPool-worker-10" daemon [_thread_blocked, id=20268, stack(0x000000ac50600000,0x000000ac50700000) (1024K)]
  0x0000023c6b645440 JavaThread "ForkJoinPool.commonPool-worker-11" daemon [_thread_blocked, id=29428, stack(0x000000ac50700000,0x000000ac50800000) (1024K)]
  0x0000023c6b646e80 JavaThread "Keep-Alive-Timer"           daemon [_thread_blocked, id=30980, stack(0x000000ac50800000,0x000000ac50900000) (1024K)]
=>0x0000023c6a6422e0 JavaThread "C2 CompilerThread2"         daemon [_thread_in_native, id=31712, stack(0x000000ac50900000,0x000000ac50a00000) (1024K)]
  0x0000023c6b645ad0 JavaThread "LocalFile Deleter"          daemon [_thread_blocked, id=21180, stack(0x000000ac50a00000,0x000000ac50b00000) (1024K)]
  0x0000023c6b6467f0 JavaThread "LocalFile Deleter"          daemon [_thread_blocked, id=18308, stack(0x000000ac50b00000,0x000000ac50c00000) (1024K)]
  0x0000023c6b644090 JavaThread "LocalFile Deleter"          daemon [_thread_blocked, id=19980, stack(0x000000ac50c00000,0x000000ac50d00000) (1024K)]
  0x0000023c6b649c70 JavaThread "LocalFile Deleter"          daemon [_thread_blocked, id=25356, stack(0x000000ac50d00000,0x000000ac50e00000) (1024K)]
  0x0000023c6b64a300 JavaThread "LocalFile Deleter"          daemon [_thread_blocked, id=27508, stack(0x000000ac50e00000,0x000000ac50f00000) (1024K)]
  0x0000023c6b648230 JavaThread "LocalFile Deleter"          daemon [_thread_blocked, id=4468, stack(0x000000ac50f00000,0x000000ac51000000) (1024K)]
  0x0000023c6b64a990 JavaThread "LocalFile Deleter"          daemon [_thread_blocked, id=33748, stack(0x000000ac51000000,0x000000ac51100000) (1024K)]
  0x0000023c6b647ba0 JavaThread "LocalFile Deleter"          daemon [_thread_blocked, id=32984, stack(0x000000ac51100000,0x000000ac51200000) (1024K)]
  0x0000023c6b6488c0 JavaThread "LocalFile Deleter"          daemon [_thread_blocked, id=30624, stack(0x000000ac51200000,0x000000ac51300000) (1024K)]
  0x0000023c6b648f50 JavaThread "LocalFile Deleter"          daemon [_thread_blocked, id=16580, stack(0x000000ac51300000,0x000000ac51400000) (1024K)]
  0x0000023c6b6495e0 JavaThread "LocalFile Deleter"          daemon [_thread_blocked, id=12732, stack(0x000000ac51400000,0x000000ac51500000) (1024K)]
  0x0000023c6f466cc0 JavaThread "LocalFile Deleter"          daemon [_thread_blocked, id=33436, stack(0x000000ac51500000,0x000000ac51600000) (1024K)]
  0x0000023c6f466630 JavaThread "Compiler Source File Reader" daemon [_thread_blocked, id=9744, stack(0x000000ac51600000,0x000000ac51700000) (1024K)]
  0x0000023c6f468d90 JavaThread "Compiler Source File Reader" daemon [_thread_blocked, id=14460, stack(0x000000ac51700000,0x000000ac51800000) (1024K)]
  0x0000023c6f468700 JavaThread "Compiler Source File Reader" daemon [_thread_blocked, id=19632, stack(0x000000ac51800000,0x000000ac51900000) (1024K)]
  0x0000023c6f467350 JavaThread "Compiler Source File Reader" daemon [_thread_blocked, id=14732, stack(0x000000ac51900000,0x000000ac51a00000) (1024K)]
  0x0000023c6f465fa0 JavaThread "Compiler Source File Reader" daemon [_thread_blocked, id=2172, stack(0x000000ac51a00000,0x000000ac51b00000) (1024K)]
  0x0000023c6f4679e0 JavaThread "Compiler Source File Reader" daemon [_thread_blocked, id=14888, stack(0x000000ac51b00000,0x000000ac51c00000) (1024K)]
  0x0000023c6f465910 JavaThread "Compiler Source File Reader" daemon [_thread_blocked, id=15560, stack(0x000000ac51c00000,0x000000ac51d00000) (1024K)]
  0x0000023c6f469420 JavaThread "Compiler Source File Reader" daemon [_thread_blocked, id=31028, stack(0x000000ac51d00000,0x000000ac51e00000) (1024K)]
Total: 75

Other Threads:
  0x0000023c20fb41f0 VMThread "VM Thread"                           [id=14640, stack(0x000000ac4c700000,0x000000ac4c800000) (1024K)]
  0x0000023c080f2d50 WatcherThread "VM Periodic Task Thread"        [id=25392, stack(0x000000ac4c600000,0x000000ac4c700000) (1024K)]
  0x0000023c0a53c720 WorkerThread "GC Thread#0"                     [id=24348, stack(0x000000ac4c500000,0x000000ac4c600000) (1024K)]
  0x0000023c643d0e10 WorkerThread "GC Thread#1"                     [id=28776, stack(0x000000ac4d200000,0x000000ac4d300000) (1024K)]
  0x0000023c643d11c0 WorkerThread "GC Thread#2"                     [id=18304, stack(0x000000ac4d300000,0x000000ac4d400000) (1024K)]
  0x0000023c64709870 WorkerThread "GC Thread#3"                     [id=15072, stack(0x000000ac4d400000,0x000000ac4d500000) (1024K)]
  0x0000023c644056d0 WorkerThread "GC Thread#4"                     [id=33124, stack(0x000000ac4d500000,0x000000ac4d600000) (1024K)]
  0x0000023c645ed3c0 WorkerThread "GC Thread#5"                     [id=27816, stack(0x000000ac4d600000,0x000000ac4d700000) (1024K)]
  0x0000023c644c9ec0 WorkerThread "GC Thread#6"                     [id=26040, stack(0x000000ac4d700000,0x000000ac4d800000) (1024K)]
  0x0000023c644c9760 WorkerThread "GC Thread#7"                     [id=2220, stack(0x000000ac4d900000,0x000000ac4da00000) (1024K)]
  0x0000023c644c93b0 WorkerThread "GC Thread#8"                     [id=29636, stack(0x000000ac4de00000,0x000000ac4df00000) (1024K)]
  0x0000023c644ca270 WorkerThread "GC Thread#9"                     [id=2060, stack(0x000000ac4df00000,0x000000ac4e000000) (1024K)]
Total: 12

Threads with active compile tasks:
C2 CompilerThread0  11029 7791   !   4       java.util.concurrent.ConcurrentHashMap::replaceNode (437 bytes)
C2 CompilerThread1  11029 7794       4       lombok.launch.PackageShader::apply (252 bytes)
C2 CompilerThread2  11029 7709 %     4       java.util.Properties::load0 @ 141 (249 bytes)
Total: 3

VM state: not at safepoint (normal execution)

VM Mutex/Monitor currently owned by a thread: None

Heap address: 0x0000000080000000, size: 2048 MB, Compressed Oops mode: 32-bit

CDS archive(s) mapped at: [0x0000023c21000000-0x0000023c21ba0000-0x0000023c21ba0000), size 12189696, SharedBaseAddress: 0x0000023c21000000, ArchiveRelocationMode: 1.
Compressed class space mapped at: 0x0000023c22000000-0x0000023c62000000, reserved size: 1073741824
Narrow klass base: 0x0000023c21000000, Narrow klass shift: 0, Narrow klass range: 0x100000000

GC Precious Log:
 CardTable entry size: 512
 CPUs: 12 total, 12 available
 Memory: 7830M
 Large Page Support: Disabled
 NUMA Support: Disabled
 Compressed Oops: Enabled (32-bit)
 Alignments: Space 512K, Generation 512K, Heap 2M
 Heap Min Capacity: 100M
 Heap Initial Capacity: 100M
 Heap Max Capacity: 2G
 Pre-touch: Disabled
 Parallel Workers: 10

Heap:
 PSYoungGen      total 13824K, used 2365K [0x00000000d5580000, 0x00000000d6600000, 0x0000000100000000)
  eden space 12800K, 10% used [0x00000000d5580000,0x00000000d56d1268,0x00000000d6200000)
  from space 1024K, 99% used [0x00000000d6400000,0x00000000d64fe318,0x00000000d6500000)
  to   space 2048K, 0% used [0x00000000d6200000,0x00000000d6200000,0x00000000d6400000)
 ParOldGen       total 68608K, used 55273K [0x0000000080000000, 0x0000000084300000, 0x00000000d5580000)
  object space 68608K, 80% used [0x0000000080000000,0x00000000835fa780,0x0000000084300000)
 Metaspace       used 56395K, committed 57728K, reserved 1114112K
  class space    used 6170K, committed 6784K, reserved 1048576K

Card table byte_map: [0x0000023c09ed0000,0x0000023c0a2e0000] _byte_map_base: 0x0000023c09ad0000

Marking Bits: (ParMarkBitMap*) 0x00007ff9585a3450
 Begin Bits: [0x0000023c1c9d0000, 0x0000023c1e9d0000)
 End Bits:   [0x0000023c1e9d0000, 0x0000023c209d0000)

Polling page: 0x0000023c08510000

Metaspace:

Usage:
  Non-class:     49.05 MB used.
      Class:      6.03 MB used.
       Both:     55.07 MB used.

Virtual space:
  Non-class space:       64.00 MB reserved,      49.75 MB ( 78%) committed,  1 nodes.
      Class space:        1.00 GB reserved,       6.62 MB ( <1%) committed,  1 nodes.
             Both:        1.06 GB reserved,      56.38 MB (  5%) committed. 

Chunk freelists:
   Non-Class:  13.70 MB
       Class:  9.41 MB
        Both:  23.11 MB

MaxMetaspaceSize: unlimited
CompressedClassSpaceSize: 1.00 GB
Initial GC threshold: 21.00 MB
Current GC threshold: 58.38 MB
CDS: on
 - commit_granule_bytes: 65536.
 - commit_granule_words: 8192.
 - virtual_space_node_default_size: 8388608.
 - enlarge_chunks_in_place: 1.
 - use_allocation_guard: 0.


Internal statistics:

num_allocs_failed_limit: 8.
num_arena_births: 1028.
num_arena_deaths: 14.
num_vsnodes_births: 2.
num_vsnodes_deaths: 0.
num_space_committed: 902.
num_space_uncommitted: 0.
num_chunks_returned_to_freelist: 22.
num_chunks_taken_from_freelist: 3486.
num_chunk_merges: 8.
num_chunk_splits: 2091.
num_chunks_enlarged: 1105.
num_inconsistent_stats: 0.

CodeHeap 'non-profiled nmethods': size=120000Kb used=3701Kb max_used=3701Kb free=116298Kb
 bounds [0x0000023c151f0000, 0x0000023c15590000, 0x0000023c1c720000]
CodeHeap 'profiled nmethods': size=120000Kb used=14951Kb max_used=14951Kb free=105048Kb
 bounds [0x0000023c0d720000, 0x0000023c0e5c0000, 0x0000023c14c50000]
CodeHeap 'non-nmethods': size=5760Kb used=1434Kb max_used=1504Kb free=4325Kb
 bounds [0x0000023c14c50000, 0x0000023c14ec0000, 0x0000023c151f0000]
CodeCache: size=245760Kb, used=20086Kb, max_used=20156Kb, free=225671Kb
 total_blobs=7963, nmethods=7235, adapters=634, full_count=0
Compilation: enabled, stopped_count=0, restarted_count=0

Compilation events (20 events):
Event: 9.909 Thread 0x0000023c0a5dbfb0 7756       3       org.eclipse.jdt.internal.compiler.parser.Scanner::areRestrictedModuleKeywordsActive (21 bytes)
Event: 9.909 Thread 0x0000023c0a5dbfb0 nmethod 7756 0x0000023c0e59f910 code [0x0000023c0e59fac0, 0x0000023c0e59fc70]
Event: 9.909 Thread 0x0000023c0a5dbfb0 7754       1       org.eclipse.jdt.internal.compiler.impl.JavaFeature::getCompliance (5 bytes)
Event: 9.909 Thread 0x0000023c0a5dbfb0 nmethod 7754 0x0000023c15587a90 code [0x0000023c15587c20, 0x0000023c15587ce8]
Event: 9.909 Thread 0x0000023c0a5dbfb0 7757       3       org.eclipse.jdt.core.compiler.CharOperation::isWhitespace (23 bytes)
Event: 9.910 Thread 0x0000023c0a5dbfb0 nmethod 7757 0x0000023c0e59fd10 code [0x0000023c0e59fec0, 0x0000023c0e5a0078]
Event: 9.910 Thread 0x0000023c0a5dbfb0 7758       3       org.eclipse.jdt.internal.compiler.parser.Parser::consumeToken (2260 bytes)
Event: 9.914 Thread 0x0000023c0a5dbfb0 nmethod 7758 0x0000023c0e5a0190 code [0x0000023c0e5a0f20, 0x0000023c0e5a96a8]
Event: 9.914 Thread 0x0000023c0a5dbfb0 7759       3       org.eclipse.jdt.internal.compiler.parser.Parser::fetchNextToken (8 bytes)
Event: 9.914 Thread 0x0000023c0a5dbfb0 nmethod 7759 0x0000023c0e5ab210 code [0x0000023c0e5ab3c0, 0x0000023c0e5ab5a0]
Event: 9.941 Thread 0x0000023c69b9bd80 7760       4       java.io.File::isInvalid (47 bytes)
Event: 9.943 Thread 0x0000023c69b9bd80 nmethod 7760 0x0000023c15587d90 code [0x0000023c15587f40, 0x0000023c15588208]
Event: 9.968 Thread 0x0000023c0a5dbfb0 7761   !   3       jdk.internal.loader.URLClassPath::check (123 bytes)
Event: 9.969 Thread 0x0000023c0a5dbfb0 nmethod 7761 0x0000023c0e5ab690 code [0x0000023c0e5ab840, 0x0000023c0e5aba10]
Event: 10.107 Thread 0x0000023c0a5dbfb0 7762       3       java.util.concurrent.locks.ReentrantLock::isHeldByCurrentThread (8 bytes)
Event: 10.107 Thread 0x0000023c0a5dbfb0 nmethod 7762 0x0000023c0e5abb10 code [0x0000023c0e5abcc0, 0x0000023c0e5abec0]
Event: 10.199 Thread 0x0000023c0a5dbfb0 7763       3       org.eclipse.core.internal.jobs.JobQueue::peek (26 bytes)
Event: 10.200 Thread 0x0000023c0a5dbfb0 nmethod 7763 0x0000023c0e5abf90 code [0x0000023c0e5ac140, 0x0000023c0e5ac2d8]
Event: 10.245 Thread 0x0000023c0a5dbfb0 7764   !   3       org.eclipse.core.internal.jobs.JobListeners::waitAndSendEvents (445 bytes)
Event: 10.989 Thread 0x0000023c0a5dbfb0 nmethod 7764 0x0000023c0e5ac390 code [0x0000023c0e5ac9c0, 0x0000023c0e5af7a8]

GC Heap History (20 events):
Event: 7.509 GC heap before
{Heap before GC invocations=28 (full 2):
 PSYoungGen      total 15360K, used 14901K [0x00000000d5580000, 0x00000000d6700000, 0x0000000100000000)
  eden space 12800K, 100% used [0x00000000d5580000,0x00000000d6200000,0x00000000d6200000)
  from space 2560K, 82% used [0x00000000d6280000,0x00000000d648d560,0x00000000d6500000)
  to   space 2048K, 0% used [0x00000000d6500000,0x00000000d6500000,0x00000000d6700000)
 ParOldGen       total 68608K, used 43338K [0x0000000080000000, 0x0000000084300000, 0x00000000d5580000)
  object space 68608K, 63% used [0x0000000080000000,0x0000000082a52ac8,0x0000000084300000)
 Metaspace       used 46508K, committed 47872K, reserved 1114112K
  class space    used 5009K, committed 5632K, reserved 1048576K
}
Event: 7.511 GC heap after
{Heap after GC invocations=28 (full 2):
 PSYoungGen      total 14336K, used 1056K [0x00000000d5580000, 0x00000000d6680000, 0x0000000100000000)
  eden space 12800K, 0% used [0x00000000d5580000,0x00000000d5580000,0x00000000d6200000)
  from space 1536K, 68% used [0x00000000d6500000,0x00000000d6608000,0x00000000d6680000)
  to   space 1536K, 0% used [0x00000000d6380000,0x00000000d6380000,0x00000000d6500000)
 ParOldGen       total 68608K, used 45308K [0x0000000080000000, 0x0000000084300000, 0x00000000d5580000)
  object space 68608K, 66% used [0x0000000080000000,0x0000000082c3f180,0x0000000084300000)
 Metaspace       used 46508K, committed 47872K, reserved 1114112K
  class space    used 5009K, committed 5632K, reserved 1048576K
}
Event: 7.544 GC heap before
{Heap before GC invocations=29 (full 2):
 PSYoungGen      total 14336K, used 13856K [0x00000000d5580000, 0x00000000d6680000, 0x0000000100000000)
  eden space 12800K, 100% used [0x00000000d5580000,0x00000000d6200000,0x00000000d6200000)
  from space 1536K, 68% used [0x00000000d6500000,0x00000000d6608000,0x00000000d6680000)
  to   space 1536K, 0% used [0x00000000d6380000,0x00000000d6380000,0x00000000d6500000)
 ParOldGen       total 68608K, used 45308K [0x0000000080000000, 0x0000000084300000, 0x00000000d5580000)
  object space 68608K, 66% used [0x0000000080000000,0x0000000082c3f180,0x0000000084300000)
 Metaspace       used 46624K, committed 47936K, reserved 1114112K
  class space    used 5027K, committed 5632K, reserved 1048576K
}
Event: 7.547 GC heap after
{Heap after GC invocations=29 (full 2):
 PSYoungGen      total 14336K, used 1504K [0x00000000d5580000, 0x00000000d6a00000, 0x0000000100000000)
  eden space 12800K, 0% used [0x00000000d5580000,0x00000000d5580000,0x00000000d6200000)
  from space 1536K, 97% used [0x00000000d6380000,0x00000000d64f8010,0x00000000d6500000)
  to   space 4096K, 0% used [0x00000000d6600000,0x00000000d6600000,0x00000000d6a00000)
 ParOldGen       total 68608K, used 47301K [0x0000000080000000, 0x0000000084300000, 0x00000000d5580000)
  object space 68608K, 68% used [0x0000000080000000,0x0000000082e31400,0x0000000084300000)
 Metaspace       used 46624K, committed 47936K, reserved 1114112K
  class space    used 5027K, committed 5632K, reserved 1048576K
}
Event: 7.599 GC heap before
{Heap before GC invocations=30 (full 2):
 PSYoungGen      total 14336K, used 14304K [0x00000000d5580000, 0x00000000d6a00000, 0x0000000100000000)
  eden space 12800K, 100% used [0x00000000d5580000,0x00000000d6200000,0x00000000d6200000)
  from space 1536K, 97% used [0x00000000d6380000,0x00000000d64f8010,0x00000000d6500000)
  to   space 4096K, 0% used [0x00000000d6600000,0x00000000d6600000,0x00000000d6a00000)
 ParOldGen       total 68608K, used 47301K [0x0000000080000000, 0x0000000084300000, 0x00000000d5580000)
  object space 68608K, 68% used [0x0000000080000000,0x0000000082e31400,0x0000000084300000)
 Metaspace       used 46870K, committed 48128K, reserved 1114112K
  class space    used 5057K, committed 5632K, reserved 1048576K
}
Event: 7.602 GC heap after
{Heap after GC invocations=30 (full 2):
 PSYoungGen      total 14336K, used 1088K [0x00000000d5580000, 0x00000000d6780000, 0x0000000100000000)
  eden space 12800K, 0% used [0x00000000d5580000,0x00000000d5580000,0x00000000d6200000)
  from space 1536K, 70% used [0x00000000d6600000,0x00000000d6710000,0x00000000d6780000)
  to   space 2048K, 0% used [0x00000000d6380000,0x00000000d6380000,0x00000000d6580000)
 ParOldGen       total 68608K, used 48814K [0x0000000080000000, 0x0000000084300000, 0x00000000d5580000)
  object space 68608K, 71% used [0x0000000080000000,0x0000000082fab910,0x0000000084300000)
 Metaspace       used 46870K, committed 48128K, reserved 1114112K
  class space    used 5057K, committed 5632K, reserved 1048576K
}
Event: 7.644 GC heap before
{Heap before GC invocations=31 (full 2):
 PSYoungGen      total 14336K, used 13888K [0x00000000d5580000, 0x00000000d6780000, 0x0000000100000000)
  eden space 12800K, 100% used [0x00000000d5580000,0x00000000d6200000,0x00000000d6200000)
  from space 1536K, 70% used [0x00000000d6600000,0x00000000d6710000,0x00000000d6780000)
  to   space 2048K, 0% used [0x00000000d6380000,0x00000000d6380000,0x00000000d6580000)
 ParOldGen       total 68608K, used 48814K [0x0000000080000000, 0x0000000084300000, 0x00000000d5580000)
  object space 68608K, 71% used [0x0000000080000000,0x0000000082fab910,0x0000000084300000)
 Metaspace       used 47138K, committed 48512K, reserved 1114112K
  class space    used 5083K, committed 5696K, reserved 1048576K
}
Event: 7.646 GC heap after
{Heap after GC invocations=31 (full 2):
 PSYoungGen      total 14336K, used 1144K [0x00000000d5580000, 0x00000000d6680000, 0x0000000100000000)
  eden space 12800K, 0% used [0x00000000d5580000,0x00000000d5580000,0x00000000d6200000)
  from space 1536K, 74% used [0x00000000d6380000,0x00000000d649e200,0x00000000d6500000)
  to   space 1536K, 0% used [0x00000000d6500000,0x00000000d6500000,0x00000000d6680000)
 ParOldGen       total 68608K, used 49766K [0x0000000080000000, 0x0000000084300000, 0x00000000d5580000)
  object space 68608K, 72% used [0x0000000080000000,0x0000000083099910,0x0000000084300000)
 Metaspace       used 47138K, committed 48512K, reserved 1114112K
  class space    used 5083K, committed 5696K, reserved 1048576K
}
Event: 7.675 GC heap before
{Heap before GC invocations=32 (full 2):
 PSYoungGen      total 14336K, used 13944K [0x00000000d5580000, 0x00000000d6680000, 0x0000000100000000)
  eden space 12800K, 100% used [0x00000000d5580000,0x00000000d6200000,0x00000000d6200000)
  from space 1536K, 74% used [0x00000000d6380000,0x00000000d649e200,0x00000000d6500000)
  to   space 1536K, 0% used [0x00000000d6500000,0x00000000d6500000,0x00000000d6680000)
 ParOldGen       total 68608K, used 49766K [0x0000000080000000, 0x0000000084300000, 0x00000000d5580000)
  object space 68608K, 72% used [0x0000000080000000,0x0000000083099910,0x0000000084300000)
 Metaspace       used 47267K, committed 48576K, reserved 1114112K
  class space    used 5101K, committed 5696K, reserved 1048576K
}
Event: 7.676 GC heap after
{Heap after GC invocations=32 (full 2):
 PSYoungGen      total 14336K, used 1120K [0x00000000d5580000, 0x00000000d6680000, 0x0000000100000000)
  eden space 12800K, 0% used [0x00000000d5580000,0x00000000d5580000,0x00000000d6200000)
  from space 1536K, 72% used [0x00000000d6500000,0x00000000d6618000,0x00000000d6680000)
  to   space 1536K, 0% used [0x00000000d6380000,0x00000000d6380000,0x00000000d6500000)
 ParOldGen       total 68608K, used 50742K [0x0000000080000000, 0x0000000084300000, 0x00000000d5580000)
  object space 68608K, 73% used [0x0000000080000000,0x000000008318db10,0x0000000084300000)
 Metaspace       used 47267K, committed 48576K, reserved 1114112K
  class space    used 5101K, committed 5696K, reserved 1048576K
}
Event: 7.822 GC heap before
{Heap before GC invocations=33 (full 2):
 PSYoungGen      total 14336K, used 13920K [0x00000000d5580000, 0x00000000d6680000, 0x0000000100000000)
  eden space 12800K, 100% used [0x00000000d5580000,0x00000000d6200000,0x00000000d6200000)
  from space 1536K, 72% used [0x00000000d6500000,0x00000000d6618000,0x00000000d6680000)
  to   space 1536K, 0% used [0x00000000d6380000,0x00000000d6380000,0x00000000d6500000)
 ParOldGen       total 68608K, used 50742K [0x0000000080000000, 0x0000000084300000, 0x00000000d5580000)
  object space 68608K, 73% used [0x0000000080000000,0x000000008318db10,0x0000000084300000)
 Metaspace       used 48481K, committed 49792K, reserved 1114112K
  class space    used 5247K, committed 5824K, reserved 1048576K
}
Event: 7.824 GC heap after
{Heap after GC invocations=33 (full 2):
 PSYoungGen      total 13824K, used 864K [0x00000000d5580000, 0x00000000d6580000, 0x0000000100000000)
  eden space 12800K, 0% used [0x00000000d5580000,0x00000000d5580000,0x00000000d6200000)
  from space 1024K, 84% used [0x00000000d6380000,0x00000000d6458000,0x00000000d6480000)
  to   space 1024K, 0% used [0x00000000d6480000,0x00000000d6480000,0x00000000d6580000)
 ParOldGen       total 68608K, used 51667K [0x0000000080000000, 0x0000000084300000, 0x00000000d5580000)
  object space 68608K, 75% used [0x0000000080000000,0x0000000083274e68,0x0000000084300000)
 Metaspace       used 48481K, committed 49792K, reserved 1114112K
  class space    used 5247K, committed 5824K, reserved 1048576K
}
Event: 8.092 GC heap before
{Heap before GC invocations=34 (full 2):
 PSYoungGen      total 13824K, used 13664K [0x00000000d5580000, 0x00000000d6580000, 0x0000000100000000)
  eden space 12800K, 100% used [0x00000000d5580000,0x00000000d6200000,0x00000000d6200000)
  from space 1024K, 84% used [0x00000000d6380000,0x00000000d6458000,0x00000000d6480000)
  to   space 1024K, 0% used [0x00000000d6480000,0x00000000d6480000,0x00000000d6580000)
 ParOldGen       total 68608K, used 51667K [0x0000000080000000, 0x0000000084300000, 0x00000000d5580000)
  object space 68608K, 75% used [0x0000000080000000,0x0000000083274e68,0x0000000084300000)
 Metaspace       used 49896K, committed 51200K, reserved 1114112K
  class space    used 5421K, committed 6016K, reserved 1048576K
}
Event: 8.093 GC heap after
{Heap after GC invocations=34 (full 2):
 PSYoungGen      total 13824K, used 832K [0x00000000d5580000, 0x00000000d6580000, 0x0000000100000000)
  eden space 12800K, 0% used [0x00000000d5580000,0x00000000d5580000,0x00000000d6200000)
  from space 1024K, 81% used [0x00000000d6480000,0x00000000d6550000,0x00000000d6580000)
  to   space 1024K, 0% used [0x00000000d6380000,0x00000000d6380000,0x00000000d6480000)
 ParOldGen       total 68608K, used 52416K [0x0000000080000000, 0x0000000084300000, 0x00000000d5580000)
  object space 68608K, 76% used [0x0000000080000000,0x0000000083330108,0x0000000084300000)
 Metaspace       used 49896K, committed 51200K, reserved 1114112K
  class space    used 5421K, committed 6016K, reserved 1048576K
}
Event: 8.837 GC heap before
{Heap before GC invocations=35 (full 2):
 PSYoungGen      total 13824K, used 13632K [0x00000000d5580000, 0x00000000d6580000, 0x0000000100000000)
  eden space 12800K, 100% used [0x00000000d5580000,0x00000000d6200000,0x00000000d6200000)
  from space 1024K, 81% used [0x00000000d6480000,0x00000000d6550000,0x00000000d6580000)
  to   space 1024K, 0% used [0x00000000d6380000,0x00000000d6380000,0x00000000d6480000)
 ParOldGen       total 68608K, used 52416K [0x0000000080000000, 0x0000000084300000, 0x00000000d5580000)
  object space 68608K, 76% used [0x0000000080000000,0x0000000083330108,0x0000000084300000)
 Metaspace       used 51446K, committed 52736K, reserved 1114112K
  class space    used 5634K, committed 6208K, reserved 1048576K
}
Event: 8.840 GC heap after
{Heap after GC invocations=35 (full 2):
 PSYoungGen      total 13824K, used 1024K [0x00000000d5580000, 0x00000000d6500000, 0x0000000100000000)
  eden space 12800K, 0% used [0x00000000d5580000,0x00000000d5580000,0x00000000d6200000)
  from space 1024K, 100% used [0x00000000d6380000,0x00000000d6480000,0x00000000d6480000)
  to   space 512K, 0% used [0x00000000d6480000,0x00000000d6480000,0x00000000d6500000)
 ParOldGen       total 68608K, used 53079K [0x0000000080000000, 0x0000000084300000, 0x00000000d5580000)
  object space 68608K, 77% used [0x0000000080000000,0x00000000833d5e08,0x0000000084300000)
 Metaspace       used 51446K, committed 52736K, reserved 1114112K
  class space    used 5634K, committed 6208K, reserved 1048576K
}
Event: 9.311 GC heap before
{Heap before GC invocations=36 (full 2):
 PSYoungGen      total 13824K, used 13824K [0x00000000d5580000, 0x00000000d6500000, 0x0000000100000000)
  eden space 12800K, 100% used [0x00000000d5580000,0x00000000d6200000,0x00000000d6200000)
  from space 1024K, 100% used [0x00000000d6380000,0x00000000d6480000,0x00000000d6480000)
  to   space 512K, 0% used [0x00000000d6480000,0x00000000d6480000,0x00000000d6500000)
 ParOldGen       total 68608K, used 53079K [0x0000000080000000, 0x0000000084300000, 0x00000000d5580000)
  object space 68608K, 77% used [0x0000000080000000,0x00000000833d5e08,0x0000000084300000)
 Metaspace       used 52757K, committed 54080K, reserved 1114112K
  class space    used 5790K, committed 6400K, reserved 1048576K
}
Event: 9.313 GC heap after
{Heap after GC invocations=36 (full 2):
 PSYoungGen      total 13312K, used 512K [0x00000000d5580000, 0x00000000d6600000, 0x0000000100000000)
  eden space 12800K, 0% used [0x00000000d5580000,0x00000000d5580000,0x00000000d6200000)
  from space 512K, 100% used [0x00000000d6480000,0x00000000d6500000,0x00000000d6500000)
  to   space 2048K, 0% used [0x00000000d6200000,0x00000000d6200000,0x00000000d6400000)
 ParOldGen       total 68608K, used 54333K [0x0000000080000000, 0x0000000084300000, 0x00000000d5580000)
  object space 68608K, 79% used [0x0000000080000000,0x000000008350f710,0x0000000084300000)
 Metaspace       used 52757K, committed 54080K, reserved 1114112K
  class space    used 5790K, committed 6400K, reserved 1048576K
}
Event: 9.549 GC heap before
{Heap before GC invocations=37 (full 2):
 PSYoungGen      total 13312K, used 13312K [0x00000000d5580000, 0x00000000d6600000, 0x0000000100000000)
  eden space 12800K, 100% used [0x00000000d5580000,0x00000000d6200000,0x00000000d6200000)
  from space 512K, 100% used [0x00000000d6480000,0x00000000d6500000,0x00000000d6500000)
  to   space 2048K, 0% used [0x00000000d6200000,0x00000000d6200000,0x00000000d6400000)
 ParOldGen       total 68608K, used 54333K [0x0000000080000000, 0x0000000084300000, 0x00000000d5580000)
  object space 68608K, 79% used [0x0000000080000000,0x000000008350f710,0x0000000084300000)
 Metaspace       used 54467K, committed 55808K, reserved 1114112K
  class space    used 5981K, committed 6592K, reserved 1048576K
}
Event: 9.550 GC heap after
{Heap after GC invocations=37 (full 2):
 PSYoungGen      total 14848K, used 544K [0x00000000d5580000, 0x00000000d6500000, 0x0000000100000000)
  eden space 12800K, 0% used [0x00000000d5580000,0x00000000d5580000,0x00000000d6200000)
  from space 2048K, 26% used [0x00000000d6200000,0x00000000d6288000,0x00000000d6400000)
  to   space 1024K, 0% used [0x00000000d6400000,0x00000000d6400000,0x00000000d6500000)
 ParOldGen       total 68608K, used 54837K [0x0000000080000000, 0x0000000084300000, 0x00000000d5580000)
  object space 68608K, 79% used [0x0000000080000000,0x000000008358d720,0x0000000084300000)
 Metaspace       used 54467K, committed 55808K, reserved 1114112K
  class space    used 5981K, committed 6592K, reserved 1048576K
}

Dll operation events (12 events):
Event: 0.017 Loaded shared library c:\Users\maria\.vscode\extensions\redhat.java-1.54.0-win32-x64\jre\21.0.10-win32-x86_64\bin\java.dll
Event: 0.097 Loaded shared library c:\Users\maria\.vscode\extensions\redhat.java-1.54.0-win32-x64\jre\21.0.10-win32-x86_64\bin\zip.dll
Event: 0.129 Loaded shared library C:\Users\maria\.vscode\extensions\redhat.java-1.54.0-win32-x64\jre\21.0.10-win32-x86_64\bin\instrument.dll
Event: 0.136 Loaded shared library C:\Users\maria\.vscode\extensions\redhat.java-1.54.0-win32-x64\jre\21.0.10-win32-x86_64\bin\net.dll
Event: 0.139 Loaded shared library C:\Users\maria\.vscode\extensions\redhat.java-1.54.0-win32-x64\jre\21.0.10-win32-x86_64\bin\nio.dll
Event: 0.145 Loaded shared library C:\Users\maria\.vscode\extensions\redhat.java-1.54.0-win32-x64\jre\21.0.10-win32-x86_64\bin\zip.dll
Event: 0.165 Loaded shared library C:\Users\maria\.vscode\extensions\redhat.java-1.54.0-win32-x64\jre\21.0.10-win32-x86_64\bin\jimage.dll
Event: 0.257 Loaded shared library c:\Users\maria\.vscode\extensions\redhat.java-1.54.0-win32-x64\jre\21.0.10-win32-x86_64\bin\verify.dll
Event: 1.341 Loaded shared library C:\Users\maria\AppData\Roaming\Code\User\globalStorage\redhat.java\1.54.0\config_win\org.eclipse.equinox.launcher\org.eclipse.equinox.launcher.win32.win32.x86_64_1.3.0.v20260203-2149\eclipse_11919.dll
Event: 5.063 Loaded shared library C:\Users\maria\AppData\Local\Temp\jna-103666422\jna7537505163562538121.dll
Event: 6.489 Loaded shared library C:\Users\maria\.vscode\extensions\redhat.java-1.54.0-win32-x64\jre\21.0.10-win32-x86_64\bin\sunmscapi.dll
Event: 6.828 Loaded shared library C:\Users\maria\.vscode\extensions\redhat.java-1.54.0-win32-x64\jre\21.0.10-win32-x86_64\bin\extnet.dll

Deoptimization events (20 events):
Event: 9.786 Thread 0x0000023c6f467350 Uncommon trap: trap_request=0xffffff54 fr.pc=0x0000023c15513cb8 relative=0x0000000000001758
Event: 9.786 Thread 0x0000023c6f467350 Uncommon trap: reason=speculate_null_assert action=make_not_entrant pc=0x0000023c15513cb8 method=jdk.internal.util.ReferencedKeyMap.internKey(Ljdk/internal/util/ReferencedKeyMap;Ljava/lang/Object;)Ljava/lang/Object; @ 28 c2
Event: 9.787 Thread 0x0000023c6f467350 DEOPT PACKING pc=0x0000023c15513cb8 sp=0x000000ac519fdeb0
Event: 9.787 Thread 0x0000023c6f467350 DEOPT UNPACKING pc=0x0000023c14ca6da2 sp=0x000000ac519fdce0 mode 2
Event: 9.788 Thread 0x0000023c6f4679e0 Uncommon trap: trap_request=0xffffff45 fr.pc=0x0000023c154989e0 relative=0x0000000000000340
Event: 9.788 Thread 0x0000023c6f469420 Uncommon trap: trap_request=0xffffff45 fr.pc=0x0000023c154989e0 relative=0x0000000000000340
Event: 9.788 Thread 0x0000023c6f468700 Uncommon trap: trap_request=0xffffff45 fr.pc=0x0000023c154989e0 relative=0x0000000000000340
Event: 9.788 Thread 0x0000023c6f469420 Uncommon trap: reason=unstable_if action=reinterpret pc=0x0000023c154989e0 method=java.lang.String.decodeASCII([BI[CII)I @ 13 c2
Event: 9.788 Thread 0x0000023c6f4679e0 Uncommon trap: reason=unstable_if action=reinterpret pc=0x0000023c154989e0 method=java.lang.String.decodeASCII([BI[CII)I @ 13 c2
Event: 9.788 Thread 0x0000023c6f468700 Uncommon trap: reason=unstable_if action=reinterpret pc=0x0000023c154989e0 method=java.lang.String.decodeASCII([BI[CII)I @ 13 c2
Event: 9.788 Thread 0x0000023c6f4679e0 DEOPT PACKING pc=0x0000023c154989e0 sp=0x000000ac51bfe6d0
Event: 9.788 Thread 0x0000023c6f469420 DEOPT PACKING pc=0x0000023c154989e0 sp=0x000000ac51dfe920
Event: 9.788 Thread 0x0000023c6f468700 DEOPT PACKING pc=0x0000023c154989e0 sp=0x000000ac518fee80
Event: 9.788 Thread 0x0000023c6f469420 DEOPT UNPACKING pc=0x0000023c14ca6da2 sp=0x000000ac51dfe850 mode 2
Event: 9.788 Thread 0x0000023c6f4679e0 DEOPT UNPACKING pc=0x0000023c14ca6da2 sp=0x000000ac51bfe600 mode 2
Event: 9.788 Thread 0x0000023c6f468700 DEOPT UNPACKING pc=0x0000023c14ca6da2 sp=0x000000ac518fedb0 mode 2
Event: 9.788 Thread 0x0000023c6f466630 Uncommon trap: trap_request=0xffffff45 fr.pc=0x0000023c15497fb0 relative=0x0000000000000310
Event: 9.788 Thread 0x0000023c6f466630 Uncommon trap: reason=unstable_if action=reinterpret pc=0x0000023c15497fb0 method=java.lang.String.decodeASCII([BI[CII)I @ 13 c2
Event: 9.788 Thread 0x0000023c6f466630 DEOPT PACKING pc=0x0000023c15497fb0 sp=0x000000ac516feac0
Event: 9.788 Thread 0x0000023c6f466630 DEOPT UNPACKING pc=0x0000023c14ca6da2 sp=0x000000ac516fea70 mode 2

Classes loaded (20 events):
Event: 7.836 Loading class sun/reflect/generics/scope/ConstructorScope
Event: 7.836 Loading class sun/reflect/generics/scope/ConstructorScope done
Event: 7.836 Loading class sun/reflect/generics/tree/VoidDescriptor
Event: 7.837 Loading class sun/reflect/generics/tree/VoidDescriptor done
Event: 7.974 Loading class java/nio/channels/ServerSocketChannel
Event: 7.974 Loading class java/nio/channels/ServerSocketChannel done
Event: 8.142 Loading class java/lang/ExceptionInInitializerError
Event: 8.143 Loading class java/lang/ExceptionInInitializerError done
Event: 8.147 Loading class sun/misc/Unsafe
Event: 8.148 Loading class sun/misc/Unsafe done
Event: 8.203 Loading class jdk/internal/org/objectweb/asm/ClassReader
Event: 8.205 Loading class jdk/internal/org/objectweb/asm/ClassReader done
Event: 9.054 Loading class java/lang/ProcessEnvironment$CheckedKeySet
Event: 9.054 Loading class java/lang/ProcessEnvironment$CheckedKeySet done
Event: 9.407 Loading class java/util/regex/Pattern$Pos
Event: 9.410 Loading class java/util/regex/Pattern$Pos done
Event: 9.470 Loading class sun/security/provider/MD5
Event: 9.470 Loading class sun/security/provider/MD5 done
Event: 9.471 Loading class sun/security/provider/ByteArrayAccess$LE
Event: 9.471 Loading class sun/security/provider/ByteArrayAccess$LE done

Classes unloaded (7 events):
Event: 5.542 Thread 0x0000023c20fb41f0 Unloading class 0x0000023c221a4800 'java/lang/invoke/LambdaForm$MH+0x0000023c221a4800'
Event: 5.542 Thread 0x0000023c20fb41f0 Unloading class 0x0000023c221a4400 'java/lang/invoke/LambdaForm$MH+0x0000023c221a4400'
Event: 5.542 Thread 0x0000023c20fb41f0 Unloading class 0x0000023c221a4000 'java/lang/invoke/LambdaForm$MH+0x0000023c221a4000'
Event: 5.542 Thread 0x0000023c20fb41f0 Unloading class 0x0000023c221a3c00 'java/lang/invoke/LambdaForm$MH+0x0000023c221a3c00'
Event: 5.542 Thread 0x0000023c20fb41f0 Unloading class 0x0000023c221a3800 'java/lang/invoke/LambdaForm$BMH+0x0000023c221a3800'
Event: 5.542 Thread 0x0000023c20fb41f0 Unloading class 0x0000023c221a3400 'java/lang/invoke/LambdaForm$DMH+0x0000023c221a3400'
Event: 5.542 Thread 0x0000023c20fb41f0 Unloading class 0x0000023c221a2000 'java/lang/invoke/LambdaForm$DMH+0x0000023c221a2000'

Classes redefined (0 events):
No events

Internal exceptions (20 events):
Event: 7.216 Thread 0x0000023c69e3fc90 Exception <a 'java/lang/NoSuchMethodError'{0x00000000d5aa6d80}: 'java.lang.Object java.lang.invoke.DirectMethodHandle$Holder.invokeStatic(java.lang.Object, int, java.lang.Object, java.lang.Object)'> (0x00000000d5aa6d80) 
thrown [s\src\hotspot\share\interpreter\linkResolver.cpp, line 773]
Event: 7.216 Thread 0x0000023c69e3fc90 Exception <a 'java/lang/NoSuchMethodError'{0x00000000d5ad4560}: 'java.lang.Object java.lang.invoke.DelegatingMethodHandle$Holder.delegate(java.lang.Object, int, java.lang.Object, java.lang.Object)'> (0x00000000d5ad4560) 
thrown [s\src\hotspot\share\interpreter\linkResolver.cpp, line 773]
Event: 7.218 Thread 0x0000023c69e3fc90 Exception <a 'java/lang/NoSuchMethodError'{0x00000000d5b20778}: 'int java.lang.invoke.Invokers$Holder.linkToTargetMethod(java.lang.Object, java.lang.Object, java.lang.Object)'> (0x00000000d5b20778) 
thrown [s\src\hotspot\share\interpreter\linkResolver.cpp, line 773]
Event: 7.492 Thread 0x0000023c64ac8b80 Exception <a 'java/lang/NoSuchMethodError'{0x00000000d5a36460}: 'void java.lang.invoke.DirectMethodHandle$Holder.invokeStaticInit(java.lang.Object, java.lang.Object, java.lang.Object, java.lang.Object)'> (0x00000000d5a36460) 
thrown [s\src\hotspot\share\interpreter\linkResolver.cpp, line 773]
Event: 8.149 Thread 0x0000023c64ac6420 Exception <a 'java/lang/ExceptionInInitializerError'{0x00000000d5813200}> (0x00000000d5813200) 
thrown [s\src\hotspot\share\oops\instanceKlass.cpp, line 1220]
Event: 8.207 Thread 0x0000023c64ac6420 Implicit null exception at 0x0000023c153287fe to 0x0000023c15328a70
Event: 8.208 Thread 0x0000023c64ac6420 Implicit null exception at 0x0000023c1528ec1c to 0x0000023c1528fb50
Event: 8.211 Thread 0x0000023c64ac6420 Exception <a 'java/lang/NoSuchMethodError'{0x00000000d58c8aa0}: 'java.lang.Object java.lang.invoke.Invokers$Holder.invokeExact_MT(java.lang.Object, int, java.lang.Object)'> (0x00000000d58c8aa0) 
thrown [s\src\hotspot\share\interpreter\linkResolver.cpp, line 773]
Event: 9.007 Thread 0x0000023c64ac6420 Exception <a 'java/lang/NoClassDefFoundError'{0x00000000d59005a8}: com/google/inject/servlet/ServletModuleTargetVisitor> (0x00000000d59005a8) 
thrown [s\src\hotspot\share\classfile\systemDictionary.cpp, line 301]
Event: 9.610 Thread 0x0000023c69e3fc90 Exception <a 'java/lang/IncompatibleClassChangeError'{0x00000000d594e5f0}: Found class java.lang.Object, but interface was expected> (0x00000000d594e5f0) 
thrown [s\src\hotspot\share\interpreter\linkResolver.cpp, line 840]
Event: 9.658 Thread 0x0000023c64ac84f0 Exception <a 'java/lang/NoSuchMethodError'{0x00000000d59a0ad8}: 'java.lang.Object java.lang.invoke.DirectMethodHandle$Holder.invokeVirtual(java.lang.Object, java.lang.Object, int)'> (0x00000000d59a0ad8) 
thrown [s\src\hotspot\share\interpreter\linkResolver.cpp, line 773]
Event: 9.729 Thread 0x0000023c64ac84f0 Exception <a 'sun/nio/fs/WindowsException'{0x00000000d5cf8488}> (0x00000000d5cf8488) 
thrown [s\src\hotspot\share\prims\jni.cpp, line 520]
Event: 9.731 Thread 0x0000023c6b645ad0 Exception <a 'sun/nio/fs/WindowsException'{0x00000000d5d19910}> (0x00000000d5d19910) 
thrown [s\src\hotspot\share\prims\jni.cpp, line 520]
Event: 9.732 Thread 0x0000023c6b6467f0 Exception <a 'sun/nio/fs/WindowsException'{0x00000000d5d269b0}> (0x00000000d5d269b0) 
thrown [s\src\hotspot\share\prims\jni.cpp, line 520]
Event: 9.732 Thread 0x0000023c6b644090 Exception <a 'sun/nio/fs/WindowsException'{0x00000000d5d337a0}> (0x00000000d5d337a0) 
thrown [s\src\hotspot\share\prims\jni.cpp, line 520]
Event: 9.733 Thread 0x0000023c6b649c70 Exception <a 'sun/nio/fs/WindowsException'{0x00000000d5d40578}> (0x00000000d5d40578) 
thrown [s\src\hotspot\share\prims\jni.cpp, line 520]
Event: 9.733 Thread 0x0000023c6b648230 Exception <a 'sun/nio/fs/WindowsException'{0x00000000d5d5a110}> (0x00000000d5d5a110) 
thrown [s\src\hotspot\share\prims\jni.cpp, line 520]
Event: 9.733 Thread 0x0000023c6b64a990 Exception <a 'sun/nio/fs/WindowsException'{0x00000000d5d66f00}> (0x00000000d5d66f00) 
thrown [s\src\hotspot\share\prims\jni.cpp, line 520]
Event: 9.734 Thread 0x0000023c6b648f50 Exception <a 'sun/nio/fs/WindowsException'{0x00000000d5d80800}> (0x00000000d5d80800) 
thrown [s\src\hotspot\share\prims\jni.cpp, line 520]
Event: 9.734 Thread 0x0000023c6b64a300 Exception <a 'sun/nio/fs/WindowsException'{0x00000000d5d4d338}> (0x00000000d5d4d338) 
thrown [s\src\hotspot\share\prims\jni.cpp, line 520]

ZGC Phase Switch (0 events):
No events

VM Operations (20 events):
Event: 7.646 Executing safepoint VM operation: ParallelGCFailedAllocation (Allocation Failure) done
Event: 7.654 Executing non-safepoint VM operation: HandshakeAllThreads (Deoptimize)
Event: 7.654 Executing non-safepoint VM operation: HandshakeAllThreads (Deoptimize) done
Event: 7.675 Executing safepoint VM operation: ParallelGCFailedAllocation (Allocation Failure)
Event: 7.676 Executing safepoint VM operation: ParallelGCFailedAllocation (Allocation Failure) done
Event: 7.821 Executing safepoint VM operation: ParallelGCFailedAllocation (Allocation Failure)
Event: 7.824 Executing safepoint VM operation: ParallelGCFailedAllocation (Allocation Failure) done
Event: 8.091 Executing safepoint VM operation: ParallelGCFailedAllocation (Allocation Failure)
Event: 8.093 Executing safepoint VM operation: ParallelGCFailedAllocation (Allocation Failure) done
Event: 8.311 Executing non-safepoint VM operation: HandshakeAllThreads (Deoptimize)
Event: 8.311 Executing non-safepoint VM operation: HandshakeAllThreads (Deoptimize) done
Event: 8.837 Executing safepoint VM operation: ParallelGCFailedAllocation (Allocation Failure)
Event: 8.840 Executing safepoint VM operation: ParallelGCFailedAllocation (Allocation Failure) done
Event: 9.311 Executing safepoint VM operation: ParallelGCFailedAllocation (Allocation Failure)
Event: 9.313 Executing safepoint VM operation: ParallelGCFailedAllocation (Allocation Failure) done
Event: 9.548 Executing safepoint VM operation: ParallelGCFailedAllocation (Allocation Failure)
Event: 9.550 Executing safepoint VM operation: ParallelGCFailedAllocation (Allocation Failure) done
Event: 9.673 Executing non-safepoint VM operation: HandshakeAllThreads (Deoptimize)
Event: 9.673 Executing non-safepoint VM operation: HandshakeAllThreads (Deoptimize) done
Event: 10.680 Executing safepoint VM operation: Cleanup

Memory protections (0 events):
No events

Nmethod flushes (20 events):
Event: 6.646 Thread 0x0000023c20fb41f0 flushing  nmethod 0x0000023c0dd9f890
Event: 6.646 Thread 0x0000023c20fb41f0 flushing  nmethod 0x0000023c0dda2510
Event: 6.646 Thread 0x0000023c20fb41f0 flushing  nmethod 0x0000023c0dda2910
Event: 6.646 Thread 0x0000023c20fb41f0 flushing  nmethod 0x0000023c0dda3210
Event: 6.646 Thread 0x0000023c20fb41f0 flushing  nmethod 0x0000023c0dda4410
Event: 6.646 Thread 0x0000023c20fb41f0 flushing  nmethod 0x0000023c0dda4c10
Event: 6.646 Thread 0x0000023c20fb41f0 flushing  nmethod 0x0000023c0dda5d10
Event: 6.646 Thread 0x0000023c20fb41f0 flushing  nmethod 0x0000023c0dda6610
Event: 6.646 Thread 0x0000023c20fb41f0 flushing  nmethod 0x0000023c0dda7b10
Event: 6.646 Thread 0x0000023c20fb41f0 flushing  nmethod 0x0000023c0dda8810
Event: 6.646 Thread 0x0000023c20fb41f0 flushing  nmethod 0x0000023c0dda9b10
Event: 6.646 Thread 0x0000023c20fb41f0 flushing  nmethod 0x0000023c0ddab810
Event: 6.646 Thread 0x0000023c20fb41f0 flushing  nmethod 0x0000023c0ddf2910
Event: 6.646 Thread 0x0000023c20fb41f0 flushing  nmethod 0x0000023c0ddf5e10
Event: 6.646 Thread 0x0000023c20fb41f0 flushing  nmethod 0x0000023c0ddf6110
Event: 6.646 Thread 0x0000023c20fb41f0 flushing  nmethod 0x0000023c0de09410
Event: 6.646 Thread 0x0000023c20fb41f0 flushing  nmethod 0x0000023c0de09790
Event: 6.646 Thread 0x0000023c20fb41f0 flushing  nmethod 0x0000023c0de3df90
Event: 6.646 Thread 0x0000023c20fb41f0 flushing  nmethod 0x0000023c0de86e10
Event: 6.646 Thread 0x0000023c20fb41f0 flushing  nmethod 0x0000023c0de87290

Events (20 events):
Event: 9.731 Thread 0x0000023c64ac84f0 Thread added: 0x0000023c6b645ad0
Event: 9.732 Thread 0x0000023c6b645ad0 Thread added: 0x0000023c6b6467f0
Event: 9.732 Thread 0x0000023c6b6467f0 Thread added: 0x0000023c6b644090
Event: 9.732 Thread 0x0000023c6b644090 Thread added: 0x0000023c6b649c70
Event: 9.732 Thread 0x0000023c6b645ad0 Thread added: 0x0000023c6b64a300
Event: 9.732 Thread 0x0000023c6b649c70 Thread added: 0x0000023c6b648230
Event: 9.732 Thread 0x0000023c6b64a300 Thread added: 0x0000023c6b64a990
Event: 9.733 Thread 0x0000023c6b648230 Thread added: 0x0000023c6b647ba0
Event: 9.733 Thread 0x0000023c6b64a990 Thread added: 0x0000023c6b6488c0
Event: 9.733 Thread 0x0000023c6b644090 Thread added: 0x0000023c6b648f50
Event: 9.733 Thread 0x0000023c6b6467f0 Thread added: 0x0000023c6b6495e0
Event: 9.733 Thread 0x0000023c6b649c70 Thread added: 0x0000023c6f466cc0
Event: 9.774 Thread 0x0000023c64ac84f0 Thread added: 0x0000023c6f466630
Event: 9.774 Thread 0x0000023c64ac84f0 Thread added: 0x0000023c6f468d90
Event: 9.774 Thread 0x0000023c64ac84f0 Thread added: 0x0000023c6f468700
Event: 9.774 Thread 0x0000023c64ac84f0 Thread added: 0x0000023c6f467350
Event: 9.774 Thread 0x0000023c64ac84f0 Thread added: 0x0000023c6f465fa0
Event: 9.774 Thread 0x0000023c64ac84f0 Thread added: 0x0000023c6f4679e0
Event: 9.774 Thread 0x0000023c64ac84f0 Thread added: 0x0000023c6f465910
Event: 9.774 Thread 0x0000023c64ac84f0 Thread added: 0x0000023c6f469420


Dynamic libraries:
0x00007ff7b6dd0000 - 0x00007ff7b6dde000 	c:\Users\maria\.vscode\extensions\redhat.java-1.54.0-win32-x64\jre\21.0.10-win32-x86_64\bin\java.exe
0x00007ffa75ee0000 - 0x00007ffa76146000 	C:\WINDOWS\SYSTEM32\ntdll.dll
0x00007ffa74e90000 - 0x00007ffa74f59000 	C:\WINDOWS\System32\KERNEL32.DLL
0x00007ffa73170000 - 0x00007ffa7356a000 	C:\WINDOWS\System32\KERNELBASE.dll
0x00007ffa736b0000 - 0x00007ffa737fc000 	C:\WINDOWS\System32\ucrtbase.dll
0x00007ff97a890000 - 0x00007ff97a8ae000 	c:\Users\maria\.vscode\extensions\redhat.java-1.54.0-win32-x64\jre\21.0.10-win32-x86_64\bin\VCRUNTIME140.dll
0x00007ff97a870000 - 0x00007ff97a888000 	c:\Users\maria\.vscode\extensions\redhat.java-1.54.0-win32-x64\jre\21.0.10-win32-x86_64\bin\jli.dll
0x00007ffa752b0000 - 0x00007ffa75477000 	C:\WINDOWS\System32\USER32.dll
0x00007ffa73930000 - 0x00007ffa73957000 	C:\WINDOWS\System32\win32u.dll
0x00007ffa750d0000 - 0x00007ffa750fb000 	C:\WINDOWS\System32\GDI32.dll
0x00007ffa54480000 - 0x00007ffa54712000 	C:\WINDOWS\WinSxS\amd64_microsoft.windows.common-controls_6595b64144ccf1df_6.0.26100.8521_none_3e08b75ce33403b3\COMCTL32.dll
0x00007ffa73800000 - 0x00007ffa7392b000 	C:\WINDOWS\System32\gdi32full.dll
0x00007ffa73ae0000 - 0x00007ffa73b83000 	C:\WINDOWS\System32\msvcp_win.dll
0x00007ffa74b60000 - 0x00007ffa74c09000 	C:\WINDOWS\System32\msvcrt.dll
0x00007ffa74460000 - 0x00007ffa74492000 	C:\WINDOWS\System32\IMM32.DLL
0x00007ff998e50000 - 0x00007ff998e5c000 	c:\Users\maria\.vscode\extensions\redhat.java-1.54.0-win32-x64\jre\21.0.10-win32-x86_64\bin\vcruntime140_1.dll
0x00007ff971b40000 - 0x00007ff971bcd000 	c:\Users\maria\.vscode\extensions\redhat.java-1.54.0-win32-x64\jre\21.0.10-win32-x86_64\bin\msvcp140.dll
0x00007ff9578e0000 - 0x00007ff958681000 	c:\Users\maria\.vscode\extensions\redhat.java-1.54.0-win32-x64\jre\21.0.10-win32-x86_64\bin\server\jvm.dll
0x00007ffa745a0000 - 0x00007ffa74656000 	C:\WINDOWS\System32\ADVAPI32.dll
0x00007ffa759a0000 - 0x00007ffa75a4a000 	C:\WINDOWS\System32\sechost.dll
0x00007ffa74c10000 - 0x00007ffa74d28000 	C:\WINDOWS\System32\RPCRT4.dll
0x00007ffa74850000 - 0x00007ffa748d0000 	C:\WINDOWS\System32\WS2_32.dll
0x00007ffa728e0000 - 0x00007ffa7293e000 	C:\WINDOWS\SYSTEM32\POWRPROF.dll
0x00007ffa61980000 - 0x00007ffa619b6000 	C:\WINDOWS\SYSTEM32\WINMM.dll
0x00007ffa69710000 - 0x00007ffa6971b000 	C:\WINDOWS\SYSTEM32\VERSION.dll
0x00007ffa728c0000 - 0x00007ffa728d4000 	C:\WINDOWS\SYSTEM32\UMPDC.dll
0x00007ffa71ee0000 - 0x00007ffa71efb000 	C:\WINDOWS\SYSTEM32\kernel.appcore.dll
0x00007ff997b80000 - 0x00007ff997b8a000 	c:\Users\maria\.vscode\extensions\redhat.java-1.54.0-win32-x64\jre\21.0.10-win32-x86_64\bin\jimage.dll
0x00007ffa707d0000 - 0x00007ffa70a12000 	C:\WINDOWS\SYSTEM32\DBGHELP.DLL
0x00007ffa75b10000 - 0x00007ffa75e93000 	C:\WINDOWS\System32\combase.dll
0x00007ffa744c0000 - 0x00007ffa74599000 	C:\WINDOWS\System32\OLEAUT32.dll
0x00007ffa4d8c0000 - 0x00007ffa4d8fb000 	C:\WINDOWS\SYSTEM32\dbgcore.DLL
0x00007ffa73600000 - 0x00007ffa736a8000 	C:\WINDOWS\System32\bcryptPrimitives.dll
0x00007ff9955f0000 - 0x00007ff9955ff000 	c:\Users\maria\.vscode\extensions\redhat.java-1.54.0-win32-x64\jre\21.0.10-win32-x86_64\bin\instrument.dll
0x00007ff97a730000 - 0x00007ff97a750000 	c:\Users\maria\.vscode\extensions\redhat.java-1.54.0-win32-x64\jre\21.0.10-win32-x86_64\bin\java.dll
0x00007ffa73cd0000 - 0x00007ffa74454000 	C:\WINDOWS\System32\SHELL32.dll
0x00007ffa70d10000 - 0x00007ffa71590000 	C:\WINDOWS\SYSTEM32\windows.storage.dll
0x00007ffa74660000 - 0x00007ffa74756000 	C:\WINDOWS\System32\SHCORE.dll
0x00007ffa74f60000 - 0x00007ffa74fc7000 	C:\WINDOWS\System32\shlwapi.dll
0x00007ffa73090000 - 0x00007ffa730b9000 	C:\WINDOWS\SYSTEM32\profapi.dll
0x00007ff97a710000 - 0x00007ff97a728000 	c:\Users\maria\.vscode\extensions\redhat.java-1.54.0-win32-x64\jre\21.0.10-win32-x86_64\bin\zip.dll
0x00007ff9938c0000 - 0x00007ff9938d0000 	C:\Users\maria\.vscode\extensions\redhat.java-1.54.0-win32-x64\jre\21.0.10-win32-x86_64\bin\net.dll
0x00007ffa69400000 - 0x00007ffa69529000 	C:\WINDOWS\SYSTEM32\WINHTTP.dll
0x00007ffa72470000 - 0x00007ffa724dc000 	C:\WINDOWS\system32\mswsock.dll
0x00007ff97a6f0000 - 0x00007ff97a706000 	C:\Users\maria\.vscode\extensions\redhat.java-1.54.0-win32-x64\jre\21.0.10-win32-x86_64\bin\nio.dll
0x00007ff992a30000 - 0x00007ff992a40000 	c:\Users\maria\.vscode\extensions\redhat.java-1.54.0-win32-x64\jre\21.0.10-win32-x86_64\bin\verify.dll
0x00007ff967a30000 - 0x00007ff967a75000 	C:\Users\maria\AppData\Roaming\Code\User\globalStorage\redhat.java\1.54.0\config_win\org.eclipse.equinox.launcher\org.eclipse.equinox.launcher.win32.win32.x86_64_1.3.0.v20260203-2149\eclipse_11919.dll
0x00007ffa75100000 - 0x00007ffa75298000 	C:\WINDOWS\System32\ole32.dll
0x00007ffa727c0000 - 0x00007ffa727db000 	C:\WINDOWS\SYSTEM32\CRYPTSP.dll
0x00007ffa71e40000 - 0x00007ffa71e79000 	C:\WINDOWS\system32\rsaenh.dll
0x00007ffa72590000 - 0x00007ffa725c3000 	C:\WINDOWS\SYSTEM32\USERENV.dll
0x00007ffa73060000 - 0x00007ffa7308a000 	C:\WINDOWS\SYSTEM32\bcrypt.dll
0x00007ffa727e0000 - 0x00007ffa727ec000 	C:\WINDOWS\SYSTEM32\CRYPTBASE.dll
0x00007ffa718b0000 - 0x00007ffa718e3000 	C:\WINDOWS\SYSTEM32\IPHLPAPI.DLL
0x00007ffa752a0000 - 0x00007ffa752aa000 	C:\WINDOWS\System32\NSI.dll
0x00007ff9d6010000 - 0x00007ff9d6059000 	C:\Users\maria\AppData\Local\Temp\jna-103666422\jna7537505163562538121.dll
0x00007ffa75990000 - 0x00007ffa75998000 	C:\WINDOWS\System32\PSAPI.DLL
0x00007ffa693e0000 - 0x00007ffa693fd000 	C:\WINDOWS\SYSTEM32\dhcpcsvc6.DLL
0x00007ffa693b0000 - 0x00007ffa693d5000 	C:\WINDOWS\SYSTEM32\dhcpcsvc.DLL
0x00007ff9cea40000 - 0x00007ff9cea4e000 	C:\Users\maria\.vscode\extensions\redhat.java-1.54.0-win32-x64\jre\21.0.10-win32-x86_64\bin\sunmscapi.dll
0x00007ffa73960000 - 0x00007ffa73ad8000 	C:\WINDOWS\System32\CRYPT32.dll
0x00007ffa72a90000 - 0x00007ffa72ac0000 	C:\WINDOWS\SYSTEM32\ncrypt.dll
0x00007ffa72a40000 - 0x00007ffa72a7f000 	C:\WINDOWS\SYSTEM32\NTASN1.dll
0x00007ffa71940000 - 0x00007ffa71a8a000 	C:\WINDOWS\SYSTEM32\DNSAPI.dll
0x00007ffa72270000 - 0x00007ffa7227d000 	C:\WINDOWS\SYSTEM32\DSPARSE.dll
0x00007ffa54200000 - 0x00007ffa5420b000 	C:\Windows\System32\rasadhlp.dll
0x00007ffa69070000 - 0x00007ffa690f6000 	C:\WINDOWS\System32\fwpuclnt.dll
0x00007ff9cea30000 - 0x00007ff9cea39000 	C:\Users\maria\.vscode\extensions\redhat.java-1.54.0-win32-x64\jre\21.0.10-win32-x86_64\bin\extnet.dll

JVMTI agents:
c:\Users\maria\.vscode\extensions\redhat.java-1.54.0-win32-x64\lombok\lombok-1.18.39-4050.jar path:c:\Users\maria\.vscode\extensions\redhat.java-1.54.0-win32-x64\jre\21.0.10-win32-x86_64\bin\instrument.dll, loaded, initialized, instrumentlib options:none

dbghelp: loaded successfully - version: 4.0.5 - missing functions: none
symbol engine: initialized successfully - sym options: 0x614 - pdb path: .;c:\Users\maria\.vscode\extensions\redhat.java-1.54.0-win32-x64\jre\21.0.10-win32-x86_64\bin;C:\WINDOWS\SYSTEM32;C:\WINDOWS\WinSxS\amd64_microsoft.windows.common-controls_6595b64144ccf1df_6.0.26100.8521_none_3e08b75ce33403b3;c:\Users\maria\.vscode\extensions\redhat.java-1.54.0-win32-x64\jre\21.0.10-win32-x86_64\bin\server;C:\Users\maria\AppData\Roaming\Code\User\globalStorage\redhat.java\1.54.0\config_win\org.eclipse.equinox.launcher\org.eclipse.equinox.launcher.win32.win32.x86_64_1.3.0.v20260203-2149;C:\Users\maria\AppData\Local\Temp\jna-103666422

VM Arguments:
jvm_args: --add-modules=ALL-SYSTEM --add-opens=java.base/java.util=ALL-UNNAMED --add-opens=java.base/java.lang=ALL-UNNAMED --add-opens=java.base/sun.nio.fs=ALL-UNNAMED -Declipse.application=org.eclipse.jdt.ls.core.id1 -Dosgi.bundles.defaultStartLevel=4 -Declipse.product=org.eclipse.jdt.ls.core.product -Djava.import.generatesMetadataFilesAtProjectRoot=false -DDetectVMInstallationsJob.disabled=true -Dfile.encoding=utf8 -XX:+UseParallelGC -XX:GCTimeRatio=4 -XX:AdaptiveSizePolicyWeight=90 -Dsun.zip.disableMemoryMapping=true -Xmx2G -Xms100m -Xlog:disable -javaagent:c:\Users\maria\.vscode\extensions\redhat.java-1.54.0-win32-x64\lombok\lombok-1.18.39-4050.jar -XX:+HeapDumpOnOutOfMemoryError -XX:HeapDumpPath=c:\Users\maria\AppData\Roaming\Code\User\workspaceStorage\6f1983676edad1f368854fec5c4fa6db\redhat.java -Daether.dependencyCollector.impl=bf 
java_command: c:\Users\maria\.vscode\extensions\redhat.java-1.54.0-win32-x64\server\plugins\org.eclipse.equinox.launcher_1.7.100.v20251111-0406.jar -configuration c:\Users\maria\AppData\Roaming\Code\User\globalStorage\redhat.java\1.54.0\config_win -data c:\Users\maria\AppData\Roaming\Code\User\workspaceStorage\6f1983676edad1f368854fec5c4fa6db\redhat.java\jdt_ws --pipe=\\.\pipe\lsp-2074b1a7a27dedf354ef0c201d8e8bfd-sock
java_class_path (initial): c:\Users\maria\.vscode\extensions\redhat.java-1.54.0-win32-x64\server\plugins\org.eclipse.equinox.launcher_1.7.100.v20251111-0406.jar
Launcher Type: SUN_STANDARD

[Global flags]
    uintx AdaptiveSizePolicyWeight                 = 90                                        {product} {command line}
     intx CICompilerCount                          = 4                                         {product} {ergonomic}
    uintx GCTimeRatio                              = 4                                         {product} {command line}
     bool HeapDumpOnOutOfMemoryError               = true                                   {manageable} {command line}
    ccstr HeapDumpPath                             = c:\Users\maria\AppData\Roaming\Code\User\workspaceStorage\6f1983676edad1f368854fec5c4fa6db\redhat.java         {manageable} {command line}
   size_t InitialHeapSize                          = 104857600                                 {product} {command line}
   size_t MaxHeapSize                              = 2147483648                                {product} {command line}
   size_t MaxNewSize                               = 715653120                                 {product} {ergonomic}
   size_t MinHeapDeltaBytes                        = 524288                                    {product} {ergonomic}
   size_t MinHeapSize                              = 104857600                                 {product} {command line}
   size_t NewSize                                  = 34603008                                  {product} {ergonomic}
    uintx NonNMethodCodeHeapSize                   = 5839372                                {pd product} {ergonomic}
    uintx NonProfiledCodeHeapSize                  = 122909434                              {pd product} {ergonomic}
   size_t OldSize                                  = 70254592                                  {product} {ergonomic}
    uintx ProfiledCodeHeapSize                     = 122909434                              {pd product} {ergonomic}
    uintx ReservedCodeCacheSize                    = 251658240                              {pd product} {ergonomic}
     bool SegmentedCodeCache                       = true                                      {product} {ergonomic}
   size_t SoftMaxHeapSize                          = 2147483648                             {manageable} {ergonomic}
     bool UseCompressedOops                        = true                           {product lp64_product} {ergonomic}
     bool UseLargePagesIndividualAllocation        = false                                  {pd product} {ergonomic}
     bool UseParallelGC                            = true                                      {product} {command line}

Logging:
Log output configuration:
 #0: stdout all=off uptime,level,tags foldmultilines=false
 #1: stderr all=off uptime,level,tags foldmultilines=false

Release file:
JAVA_VERSION="21.0.10" 
MODULES="java.base java.compiler java.datatransfer java.xml java.prefs java.desktop java.instrument java.logging java.management java.security.sasl java.naming java.rmi java.management.rmi java.net.http java.scripting java.security.jgss java.transaction.xa java.sql java.sql.rowset java.xml.crypto java.se java.smartcardio jdk.accessibility jdk.internal.jvmstat jdk.attach jdk.charsets jdk.internal.opt jdk.zipfs jdk.compiler jdk.crypto.ec jdk.crypto.cryptoki jdk.crypto.mscapi jdk.dynalink jdk.internal.ed jdk.editpad jdk.hotspot.agent jdk.httpserver jdk.internal.le jdk.internal.vm.ci jdk.internal.vm.compiler jdk.internal.vm.compiler.management jdk.jartool jdk.javadoc jdk.jcmd jdk.management jdk.management.agent jdk.jconsole jdk.jdeps jdk.jdwp.agent jdk.jdi jdk.jfr jdk.jshell jdk.jsobject jdk.jstatd jdk.localedata jdk.management.jfr jdk.naming.dns jdk.naming.rmi jdk.net jdk.nio.mapmode jdk.random jdk.sctp jdk.security.auth jdk.security.jgss jdk.unsupported jdk.unsupported.desktop jdk.xml.dom" 

Environment Variables:
PATH=C:\Python313\Scripts\;C:\Python313\;C:\Program Files\Common Files\Oracle\Java\javapath;C:\Program Files (x86)\Common Files\Oracle\Java\java8path;C:\Program Files (x86)\Common Files\Oracle\Java\javapath;C:\windows\system32;C:\windows;C:\windows\System32\Wbem;C:\windows\System32\WindowsPowerShell\v1.0\;C:\windows\System32\OpenSSH\;C:\Program Files (x86)\NVIDIA Corporation\PhysX\Common;C:\Program Files (x86)\PuTTY\putty\;C:\Program Files (x86)\Microsoft SQL Server\160\Tools\Binn\;C:\Program Files\Microsoft SQL Server\160\Tools\Binn\;C:\Program Files\Microsoft SQL Server\Client SDK\ODBC\170\Tools\Binn\;C:\Program Files\Microsoft SQL Server\160\DTS\Binn\;C:\WINDOWS\system32;C:\WINDOWS;C:\WINDOWS\System32\Wbem;C:\WINDOWS\System32\WindowsPowerShell\v1.0\;C:\WINDOWS\System32\OpenSSH\;C:\Program Files\Git\cmd;C:\Program Files\dotnet\;C:\Program Files\nodejs\;C:\ProgramData\chocolatey\bin;C:\Program Files\Docker\Docker\resources\bin;C:\Program Files\NVIDIA Corporation\NVIDIA App\NvDLISR;C:\Users\maria\AppData\Local\Microsoft\WindowsApps;C:\Users\maria\AppData\Local\Programs\Microsoft VS Code\bin;C:\Users\maria\AppData\Roaming\npm;C:\Users\maria\AppData\Local\Programs\IntelliJ IDEA 2026.1\bin;C:\Users\maria\AppData\Local\GitHubDesktop\bin
USERNAME=maria
OS=Windows_NT
PROCESSOR_IDENTIFIER=Intel64 Family 6 Model 141 Stepping 1, GenuineIntel
TMP=C:\Users\maria\AppData\Local\Temp
TEMP=C:\Users\maria\AppData\Local\Temp




Periodic native trim disabled

---------------  S Y S T E M  ---------------

OS:
 Windows 11 , 64 bit Build 26100 (10.0.26100.8521)
OS uptime: 0 days 7:28 hours
Hyper-V role detected

CPU: total 12 (initial active 12) (6 cores per cpu, 2 threads per core) family 6 model 141 stepping 1 microcode 0x50, cx8, cmov, fxsr, ht, mmx, 3dnowpref, sse, sse2, sse3, ssse3, sse4.1, sse4.2, popcnt, lzcnt, tsc, tscinvbit, avx, avx2, aes, erms, clmul, bmi1, bmi2, adx, avx512f, avx512dq, avx512cd, avx512bw, avx512vl, sha, fma, vzeroupper, avx512_vpopcntdq, avx512_vpclmulqdq, avx512_vaes, avx512_vnni, clflush, clflushopt, clwb, avx512_vbmi2, avx512_vbmi, hv, rdtscp, rdpid, fsrm, gfni, avx512_bitalg, f16c, cet_ibt, cet_ss, avx512_ifma
Processor Information for the first 12 processors :
  Max Mhz: 2688, Current Mhz: 2688, Mhz Limit: 2688

Memory: 4k page, system-wide physical 7830M (521M free)
TotalPageFile size 31382M (AvailPageFile size 92M)
current process WorkingSet (physical memory assigned to process): 240M, peak: 256M
current process commit charge ("private bytes"): 341M, peak: 354M

vm_info: OpenJDK 64-Bit Server VM (21.0.10+7-LTS) for windows-amd64 JRE (21.0.10+7-LTS), built on 2026-01-20T00:00:00Z by "admin" with MS VC++ 17.12 (VS2022)

END.
